2021-07-21-21:10:09 - ERRORS : Test!
